============================================================
 FINAL AWS MANAGEMENT ACCOUNT ZERO-RESOURCE AUDIT
 READ-ONLY — NO DELETE OPERATIONS
============================================================

Account: 211811255273
Identity:
---------------------------------------------------------
|                   GetCallerIdentity                   |
+---------+---------------------------------------------+
|  Account|  211811255273                               |
|  Arn    |  arn:aws:iam::211811255273:user/adminuser   |
|  UserId |  AIDATCUHPIPUZDYJFJLQL                      |
+---------+---------------------------------------------+

============================================================
 1. ENABLED AWS REGIONS
============================================================
ap-south-1	ca-central-1	eu-central-1	us-west-1	us-west-2	eu-north-1	eu-west-3	eu-west-2	eu-west-1	ap-northeast-3	ap-northeast-2	ap-northeast-1	sa-east-1	ap-southeast-1	ap-southeast-2	us-east-1	us-east-2

============================================================
 2. REGIONAL RESOURCE AUDIT
============================================================

############################################################
 REGION: ap-south-1
############################################################

--- EC2 INSTANCES ---

--- EBS VOLUMES ---

--- EBS SNAPSHOTS ---

--- AMIs ---

--- VPCs ---

--- SUBNETS ---

--- INTERNET GATEWAYS ---

--- NAT GATEWAYS ---

--- ELASTIC IPs ---

--- VPC ENDPOINTS ---

--- ROUTE TABLES ---

--- NETWORK INTERFACES ---

--- TRANSIT GATEWAYS ---

--- TRANSIT GATEWAY ATTACHMENTS ---

--- VPN CONNECTIONS ---

--- CUSTOMER GATEWAYS ---

--- LOAD BALANCERS ---

--- EKS CLUSTERS ---
--------------
|ListClusters|
+------------+

--- RDS INSTANCES ---

--- RDS CLUSTERS ---

--- ELASTICACHE ---

--- OPENSEARCH ---

--- ECS CLUSTERS ---
--------------
|ListClusters|
+------------+

--- LAMBDA FUNCTIONS ---

--- API GATEWAYS ---

--- SQS QUEUES ---

--- SNS TOPICS ---

--- MQ BROKERS ---

--- EFS ---

--- FSx ---

--- SECRETS MANAGER ---

--- SSM PARAMETERS ---

--- CLOUDWATCH LOG GROUPS ---

--- AWS CONFIG ---
--------------------------------
|DescribeConfigurationRecorders|
+------------------------------+

--- CONFIG DELIVERY CHANNELS ---
--------------------------
|DescribeDeliveryChannels|
+------------------------+

--- KMS KEYS ---
----------------------------------------------------------------------------------------------
|                                          ListKeys                                          |
+--------------------------------------------------------------------------------------------+
||                                           Keys                                           ||
|+--------+---------------------------------------------------------------------------------+|
||  KeyArn|  arn:aws:kms:ap-south-1:211811255273:key/f08558ac-4568-4503-926d-c8b1572a2844   ||
||  KeyId |  f08558ac-4568-4503-926d-c8b1572a2844                                           ||
|+--------+---------------------------------------------------------------------------------+|

############################################################
 REGION: ca-central-1
############################################################

--- EC2 INSTANCES ---

--- EBS VOLUMES ---

--- EBS SNAPSHOTS ---

--- AMIs ---

--- VPCs ---
-------------------------------------------------------
|                    DescribeVpcs                     |
+----------------+----------+-------------------------+
|      Cidr      | Default  |          VpcId          |
+----------------+----------+-------------------------+
|  172.31.0.0/16 |  True    |  vpc-0d924ca8156f66092  |
+----------------+----------+-------------------------+

--- SUBNETS ---
-------------------------------------------------------------------------
|                            DescribeSubnets                            |
+----------------+----------------------------+-------------------------+
|      Cidr      |         SubnetId           |          VpcId          |
+----------------+----------------------------+-------------------------+
|  172.31.32.0/20|  subnet-077cde5e5ab3f0197  |  vpc-0d924ca8156f66092  |
|  172.31.0.0/20 |  subnet-098386b082d543c06  |  vpc-0d924ca8156f66092  |
|  172.31.16.0/20|  subnet-0179d25b551659740  |  vpc-0d924ca8156f66092  |
+----------------+----------------------------+-------------------------+

--- INTERNET GATEWAYS ---
-----------------------------------------------------------------
|                   DescribeInternetGateways                    |
+------------------------+------------+-------------------------+
|           IGW          |   State    |           Vpc           |
+------------------------+------------+-------------------------+
|  igw-04884173d5068a1e0 |  available |  vpc-0d924ca8156f66092  |
+------------------------+------------+-------------------------+

--- NAT GATEWAYS ---

--- ELASTIC IPs ---

--- VPC ENDPOINTS ---

--- ROUTE TABLES ---
----------------------------------------------------
|                DescribeRouteTables               |
+------------------------+-------------------------+
|      RouteTableId      |          VpcId          |
+------------------------+-------------------------+
|  rtb-0308170ef6088753c |  vpc-0d924ca8156f66092  |
+------------------------+-------------------------+

--- NETWORK INTERFACES ---

--- TRANSIT GATEWAYS ---

--- TRANSIT GATEWAY ATTACHMENTS ---

--- VPN CONNECTIONS ---

--- CUSTOMER GATEWAYS ---

--- LOAD BALANCERS ---

--- EKS CLUSTERS ---
--------------
|ListClusters|
+------------+

--- RDS INSTANCES ---

--- RDS CLUSTERS ---

--- ELASTICACHE ---

--- OPENSEARCH ---

--- ECS CLUSTERS ---
--------------
|ListClusters|
+------------+

--- LAMBDA FUNCTIONS ---

--- API GATEWAYS ---

--- SQS QUEUES ---

--- SNS TOPICS ---

--- MQ BROKERS ---

--- EFS ---

--- FSx ---

--- SECRETS MANAGER ---

--- SSM PARAMETERS ---

--- CLOUDWATCH LOG GROUPS ---

--- AWS CONFIG ---
--------------------------------
|DescribeConfigurationRecorders|
+------------------------------+

--- CONFIG DELIVERY CHANNELS ---
--------------------------
|DescribeDeliveryChannels|
+------------------------+

--- KMS KEYS ---
----------
|ListKeys|
+--------+

############################################################
 REGION: eu-central-1
############################################################

--- EC2 INSTANCES ---

--- EBS VOLUMES ---

--- EBS SNAPSHOTS ---

--- AMIs ---

--- VPCs ---
-------------------------------------------------------
|                    DescribeVpcs                     |
+----------------+----------+-------------------------+
|      Cidr      | Default  |          VpcId          |
+----------------+----------+-------------------------+
|  172.31.0.0/16 |  True    |  vpc-0b563d66d9c14053f  |
+----------------+----------+-------------------------+

--- SUBNETS ---
-------------------------------------------------------------------------
|                            DescribeSubnets                            |
+----------------+----------------------------+-------------------------+
|      Cidr      |         SubnetId           |          VpcId          |
+----------------+----------------------------+-------------------------+
|  172.31.32.0/20|  subnet-06ae90e5b26535364  |  vpc-0b563d66d9c14053f  |
|  172.31.16.0/20|  subnet-09e0ea43e3f90a6f0  |  vpc-0b563d66d9c14053f  |
|  172.31.0.0/20 |  subnet-0104b45d8eeafd272  |  vpc-0b563d66d9c14053f  |
+----------------+----------------------------+-------------------------+

--- INTERNET GATEWAYS ---
-----------------------------------------------------------------
|                   DescribeInternetGateways                    |
+------------------------+------------+-------------------------+
|           IGW          |   State    |           Vpc           |
+------------------------+------------+-------------------------+
|  igw-0327ceb6933628ca2 |  available |  vpc-0b563d66d9c14053f  |
+------------------------+------------+-------------------------+

--- NAT GATEWAYS ---

--- ELASTIC IPs ---

--- VPC ENDPOINTS ---

--- ROUTE TABLES ---
----------------------------------------------------
|                DescribeRouteTables               |
+------------------------+-------------------------+
|      RouteTableId      |          VpcId          |
+------------------------+-------------------------+
|  rtb-0d9a93026544d368c |  vpc-0b563d66d9c14053f  |
+------------------------+-------------------------+

--- NETWORK INTERFACES ---

--- TRANSIT GATEWAYS ---

--- TRANSIT GATEWAY ATTACHMENTS ---

--- VPN CONNECTIONS ---

--- CUSTOMER GATEWAYS ---

--- LOAD BALANCERS ---

--- EKS CLUSTERS ---
--------------
|ListClusters|
+------------+

--- RDS INSTANCES ---

--- RDS CLUSTERS ---

--- ELASTICACHE ---

--- OPENSEARCH ---

--- ECS CLUSTERS ---
--------------
|ListClusters|
+------------+

--- LAMBDA FUNCTIONS ---

--- API GATEWAYS ---

--- SQS QUEUES ---

--- SNS TOPICS ---

--- MQ BROKERS ---

--- EFS ---

--- FSx ---

--- SECRETS MANAGER ---

--- SSM PARAMETERS ---

--- CLOUDWATCH LOG GROUPS ---

--- AWS CONFIG ---
--------------------------------
|DescribeConfigurationRecorders|
+------------------------------+

--- CONFIG DELIVERY CHANNELS ---
--------------------------
|DescribeDeliveryChannels|
+------------------------+

--- KMS KEYS ---
----------
|ListKeys|
+--------+

############################################################
 REGION: us-west-1
############################################################

--- EC2 INSTANCES ---

--- EBS VOLUMES ---

--- EBS SNAPSHOTS ---

--- AMIs ---

--- VPCs ---
-------------------------------------------------------
|                    DescribeVpcs                     |
+----------------+----------+-------------------------+
|      Cidr      | Default  |          VpcId          |
+----------------+----------+-------------------------+
|  172.31.0.0/16 |  True    |  vpc-0b7bba8ab546c9eb0  |
+----------------+----------+-------------------------+

--- SUBNETS ---
-------------------------------------------------------------------------
|                            DescribeSubnets                            |
+----------------+----------------------------+-------------------------+
|      Cidr      |         SubnetId           |          VpcId          |
+----------------+----------------------------+-------------------------+
|  172.31.0.0/20 |  subnet-0dd8d26d8fe5e7e8d  |  vpc-0b7bba8ab546c9eb0  |
|  172.31.16.0/20|  subnet-0541e03e6f98d5ba5  |  vpc-0b7bba8ab546c9eb0  |
+----------------+----------------------------+-------------------------+

--- INTERNET GATEWAYS ---
-----------------------------------------------------------------
|                   DescribeInternetGateways                    |
+------------------------+------------+-------------------------+
|           IGW          |   State    |           Vpc           |
+------------------------+------------+-------------------------+
|  igw-0d83b6863a7194179 |  available |  vpc-0b7bba8ab546c9eb0  |
+------------------------+------------+-------------------------+

--- NAT GATEWAYS ---

--- ELASTIC IPs ---

--- VPC ENDPOINTS ---

--- ROUTE TABLES ---
----------------------------------------------------
|                DescribeRouteTables               |
+------------------------+-------------------------+
|      RouteTableId      |          VpcId          |
+------------------------+-------------------------+
|  rtb-0a94d6ccf19292bbc |  vpc-0b7bba8ab546c9eb0  |
+------------------------+-------------------------+

--- NETWORK INTERFACES ---

--- TRANSIT GATEWAYS ---

--- TRANSIT GATEWAY ATTACHMENTS ---

--- VPN CONNECTIONS ---

--- CUSTOMER GATEWAYS ---

--- LOAD BALANCERS ---

--- EKS CLUSTERS ---
--------------
|ListClusters|
+------------+

--- RDS INSTANCES ---

--- RDS CLUSTERS ---

--- ELASTICACHE ---

--- OPENSEARCH ---

--- ECS CLUSTERS ---
--------------
|ListClusters|
+------------+

--- LAMBDA FUNCTIONS ---

--- API GATEWAYS ---

--- SQS QUEUES ---

--- SNS TOPICS ---

--- MQ BROKERS ---

--- EFS ---

--- FSx ---

--- SECRETS MANAGER ---

--- SSM PARAMETERS ---

--- CLOUDWATCH LOG GROUPS ---

--- AWS CONFIG ---
--------------------------------
|DescribeConfigurationRecorders|
+------------------------------+

--- CONFIG DELIVERY CHANNELS ---
--------------------------
|DescribeDeliveryChannels|
+------------------------+

--- KMS KEYS ---
----------
|ListKeys|
+--------+

############################################################
 REGION: us-west-2
############################################################

--- EC2 INSTANCES ---

--- EBS VOLUMES ---

--- EBS SNAPSHOTS ---

--- AMIs ---

--- VPCs ---
-------------------------------------------------------
|                    DescribeVpcs                     |
+----------------+----------+-------------------------+
|      Cidr      | Default  |          VpcId          |
+----------------+----------+-------------------------+
|  172.31.0.0/16 |  True    |  vpc-0eddc0c6acd65341d  |
+----------------+----------+-------------------------+

--- SUBNETS ---
-------------------------------------------------------------------------
|                            DescribeSubnets                            |
+----------------+----------------------------+-------------------------+
|      Cidr      |         SubnetId           |          VpcId          |
+----------------+----------------------------+-------------------------+
|  172.31.32.0/20|  subnet-0baeca02ecdba36e6  |  vpc-0eddc0c6acd65341d  |
|  172.31.48.0/20|  subnet-0e280e1f2b17019cb  |  vpc-0eddc0c6acd65341d  |
|  172.31.0.0/20 |  subnet-0aaeb4b0fcaeca09a  |  vpc-0eddc0c6acd65341d  |
|  172.31.16.0/20|  subnet-0d35e8b82945f3483  |  vpc-0eddc0c6acd65341d  |
+----------------+----------------------------+-------------------------+

--- INTERNET GATEWAYS ---
-----------------------------------------------------------------
|                   DescribeInternetGateways                    |
+------------------------+------------+-------------------------+
|           IGW          |   State    |           Vpc           |
+------------------------+------------+-------------------------+
|  igw-088bc21e89c0758b8 |  available |  vpc-0eddc0c6acd65341d  |
+------------------------+------------+-------------------------+

--- NAT GATEWAYS ---

--- ELASTIC IPs ---

--- VPC ENDPOINTS ---

--- ROUTE TABLES ---
----------------------------------------------------
|                DescribeRouteTables               |
+------------------------+-------------------------+
|      RouteTableId      |          VpcId          |
+------------------------+-------------------------+
|  rtb-0cac89fabf36b4044 |  vpc-0eddc0c6acd65341d  |
+------------------------+-------------------------+

--- NETWORK INTERFACES ---

--- TRANSIT GATEWAYS ---

--- TRANSIT GATEWAY ATTACHMENTS ---

--- VPN CONNECTIONS ---

--- CUSTOMER GATEWAYS ---

--- LOAD BALANCERS ---

--- EKS CLUSTERS ---
--------------
|ListClusters|
+------------+

--- RDS INSTANCES ---

--- RDS CLUSTERS ---

--- ELASTICACHE ---

--- OPENSEARCH ---

--- ECS CLUSTERS ---
--------------
|ListClusters|
+------------+

--- LAMBDA FUNCTIONS ---

--- API GATEWAYS ---

--- SQS QUEUES ---

--- SNS TOPICS ---

--- MQ BROKERS ---

--- EFS ---

--- FSx ---

--- SECRETS MANAGER ---

--- SSM PARAMETERS ---

--- CLOUDWATCH LOG GROUPS ---

--- AWS CONFIG ---
--------------------------------
|DescribeConfigurationRecorders|
+------------------------------+

--- CONFIG DELIVERY CHANNELS ---
--------------------------
|DescribeDeliveryChannels|
+------------------------+

--- KMS KEYS ---
---------------------------------------------------------------------------------------------------------------------------
|                                                        ListKeys                                                         |
+-------------------------------------------------------------------------------------------------------------------------+
||                                                         Keys                                                          ||
|+------------------------------------------------------------------------------+----------------------------------------+|
||                                    KeyArn                                    |                 KeyId                  ||
|+------------------------------------------------------------------------------+----------------------------------------+|
||  arn:aws:kms:us-west-2:211811255273:key/81339c67-cf9b-48b0-a71c-cd6acf0ccb25 |  81339c67-cf9b-48b0-a71c-cd6acf0ccb25  ||
||  arn:aws:kms:us-west-2:211811255273:key/mrk-61f9ac6fe7a947a3a7f68be50d1291ae |  mrk-61f9ac6fe7a947a3a7f68be50d1291ae  ||
|+------------------------------------------------------------------------------+----------------------------------------+|

############################################################
 REGION: eu-north-1
############################################################

--- EC2 INSTANCES ---

--- EBS VOLUMES ---

--- EBS SNAPSHOTS ---

--- AMIs ---

--- VPCs ---
-------------------------------------------------------
|                    DescribeVpcs                     |
+----------------+----------+-------------------------+
|      Cidr      | Default  |          VpcId          |
+----------------+----------+-------------------------+
|  172.31.0.0/16 |  True    |  vpc-0ccefab8557f7a5ff  |
+----------------+----------+-------------------------+

--- SUBNETS ---
-------------------------------------------------------------------------
|                            DescribeSubnets                            |
+----------------+----------------------------+-------------------------+
|      Cidr      |         SubnetId           |          VpcId          |
+----------------+----------------------------+-------------------------+
|  172.31.0.0/20 |  subnet-0e6bd2c73cf0ca299  |  vpc-0ccefab8557f7a5ff  |
|  172.31.32.0/20|  subnet-0b132e99d22eb3e6a  |  vpc-0ccefab8557f7a5ff  |
|  172.31.16.0/20|  subnet-067c0540fb7ad7543  |  vpc-0ccefab8557f7a5ff  |
+----------------+----------------------------+-------------------------+

--- INTERNET GATEWAYS ---
-----------------------------------------------------------------
|                   DescribeInternetGateways                    |
+------------------------+------------+-------------------------+
|           IGW          |   State    |           Vpc           |
+------------------------+------------+-------------------------+
|  igw-016729cccde6fc70b |  available |  vpc-0ccefab8557f7a5ff  |
+------------------------+------------+-------------------------+

--- NAT GATEWAYS ---

--- ELASTIC IPs ---

--- VPC ENDPOINTS ---

--- ROUTE TABLES ---
----------------------------------------------------
|                DescribeRouteTables               |
+------------------------+-------------------------+
|      RouteTableId      |          VpcId          |
+------------------------+-------------------------+
|  rtb-008a97179f3594b04 |  vpc-0ccefab8557f7a5ff  |
+------------------------+-------------------------+

--- NETWORK INTERFACES ---

--- TRANSIT GATEWAYS ---

--- TRANSIT GATEWAY ATTACHMENTS ---

--- VPN CONNECTIONS ---

--- CUSTOMER GATEWAYS ---

--- LOAD BALANCERS ---

--- EKS CLUSTERS ---
--------------
|ListClusters|
+------------+

--- RDS INSTANCES ---

--- RDS CLUSTERS ---

--- ELASTICACHE ---

--- OPENSEARCH ---

--- ECS CLUSTERS ---
--------------
|ListClusters|
+------------+

--- LAMBDA FUNCTIONS ---

--- API GATEWAYS ---

--- SQS QUEUES ---

--- SNS TOPICS ---

--- MQ BROKERS ---

--- EFS ---

--- FSx ---

--- SECRETS MANAGER ---

--- SSM PARAMETERS ---

--- CLOUDWATCH LOG GROUPS ---

--- AWS CONFIG ---
--------------------------------
|DescribeConfigurationRecorders|
+------------------------------+

--- CONFIG DELIVERY CHANNELS ---
--------------------------
|DescribeDeliveryChannels|
+------------------------+

--- KMS KEYS ---
----------
|ListKeys|
+--------+

############################################################
 REGION: eu-west-3
############################################################

--- EC2 INSTANCES ---

--- EBS VOLUMES ---

--- EBS SNAPSHOTS ---

--- AMIs ---

--- VPCs ---
-------------------------------------------------------
|                    DescribeVpcs                     |
+----------------+----------+-------------------------+
|      Cidr      | Default  |          VpcId          |
+----------------+----------+-------------------------+
|  172.31.0.0/16 |  True    |  vpc-046c1ccfd3ddb437a  |
+----------------+----------+-------------------------+

--- SUBNETS ---
-------------------------------------------------------------------------
|                            DescribeSubnets                            |
+----------------+----------------------------+-------------------------+
|      Cidr      |         SubnetId           |          VpcId          |
+----------------+----------------------------+-------------------------+
|  172.31.0.0/20 |  subnet-0efff015231a9a371  |  vpc-046c1ccfd3ddb437a  |
|  172.31.16.0/20|  subnet-0dd401f414e5ddf1a  |  vpc-046c1ccfd3ddb437a  |
|  172.31.32.0/20|  subnet-051f74af161dfda09  |  vpc-046c1ccfd3ddb437a  |
+----------------+----------------------------+-------------------------+

--- INTERNET GATEWAYS ---
-----------------------------------------------------------------
|                   DescribeInternetGateways                    |
+------------------------+------------+-------------------------+
|           IGW          |   State    |           Vpc           |
+------------------------+------------+-------------------------+
|  igw-0788af9c1d596b07f |  available |  vpc-046c1ccfd3ddb437a  |
+------------------------+------------+-------------------------+

--- NAT GATEWAYS ---

--- ELASTIC IPs ---

--- VPC ENDPOINTS ---

--- ROUTE TABLES ---
----------------------------------------------------
|                DescribeRouteTables               |
+------------------------+-------------------------+
|      RouteTableId      |          VpcId          |
+------------------------+-------------------------+
|  rtb-0efffc37739179407 |  vpc-046c1ccfd3ddb437a  |
+------------------------+-------------------------+

--- NETWORK INTERFACES ---

--- TRANSIT GATEWAYS ---

--- TRANSIT GATEWAY ATTACHMENTS ---

--- VPN CONNECTIONS ---

--- CUSTOMER GATEWAYS ---

--- LOAD BALANCERS ---

--- EKS CLUSTERS ---
--------------
|ListClusters|
+------------+

--- RDS INSTANCES ---

--- RDS CLUSTERS ---

--- ELASTICACHE ---

--- OPENSEARCH ---

--- ECS CLUSTERS ---
--------------
|ListClusters|
+------------+

--- LAMBDA FUNCTIONS ---

--- API GATEWAYS ---

--- SQS QUEUES ---

--- SNS TOPICS ---

--- MQ BROKERS ---

--- EFS ---

--- FSx ---

--- SECRETS MANAGER ---

--- SSM PARAMETERS ---

--- CLOUDWATCH LOG GROUPS ---

--- AWS CONFIG ---
--------------------------------
|DescribeConfigurationRecorders|
+------------------------------+

--- CONFIG DELIVERY CHANNELS ---
--------------------------
|DescribeDeliveryChannels|
+------------------------+

--- KMS KEYS ---
----------
|ListKeys|
+--------+

############################################################
 REGION: eu-west-2
############################################################

--- EC2 INSTANCES ---

--- EBS VOLUMES ---

--- EBS SNAPSHOTS ---

--- AMIs ---

--- VPCs ---
-------------------------------------------------------
|                    DescribeVpcs                     |
+----------------+----------+-------------------------+
|      Cidr      | Default  |          VpcId          |
+----------------+----------+-------------------------+
|  172.31.0.0/16 |  True    |  vpc-0dd219e79ffd9f6f5  |
+----------------+----------+-------------------------+

--- SUBNETS ---
-------------------------------------------------------------------------
|                            DescribeSubnets                            |
+----------------+----------------------------+-------------------------+
|      Cidr      |         SubnetId           |          VpcId          |
+----------------+----------------------------+-------------------------+
|  172.31.0.0/20 |  subnet-018d71bf6a2d063d3  |  vpc-0dd219e79ffd9f6f5  |
|  172.31.32.0/20|  subnet-0b135d2e67e7f758f  |  vpc-0dd219e79ffd9f6f5  |
|  172.31.48.0/20|  subnet-0f233d66bea9fce24  |  vpc-0dd219e79ffd9f6f5  |
|  172.31.16.0/20|  subnet-09c224369c4271169  |  vpc-0dd219e79ffd9f6f5  |
+----------------+----------------------------+-------------------------+

--- INTERNET GATEWAYS ---
-----------------------------------------------------------------
|                   DescribeInternetGateways                    |
+------------------------+------------+-------------------------+
|           IGW          |   State    |           Vpc           |
+------------------------+------------+-------------------------+
|  igw-01f6f74e03ecd1cfc |  available |  vpc-0dd219e79ffd9f6f5  |
+------------------------+------------+-------------------------+

--- NAT GATEWAYS ---

--- ELASTIC IPs ---

--- VPC ENDPOINTS ---

--- ROUTE TABLES ---
----------------------------------------------------
|                DescribeRouteTables               |
+------------------------+-------------------------+
|      RouteTableId      |          VpcId          |
+------------------------+-------------------------+
|  rtb-0f42dfc087955c1eb |  vpc-0dd219e79ffd9f6f5  |
+------------------------+-------------------------+

--- NETWORK INTERFACES ---

--- TRANSIT GATEWAYS ---

--- TRANSIT GATEWAY ATTACHMENTS ---

--- VPN CONNECTIONS ---

--- CUSTOMER GATEWAYS ---

--- LOAD BALANCERS ---

--- EKS CLUSTERS ---
--------------
|ListClusters|
+------------+

--- RDS INSTANCES ---

--- RDS CLUSTERS ---

--- ELASTICACHE ---

--- OPENSEARCH ---

--- ECS CLUSTERS ---
--------------
|ListClusters|
+------------+

--- LAMBDA FUNCTIONS ---

--- API GATEWAYS ---

--- SQS QUEUES ---

--- SNS TOPICS ---

--- MQ BROKERS ---

--- EFS ---

--- FSx ---

--- SECRETS MANAGER ---

--- SSM PARAMETERS ---

--- CLOUDWATCH LOG GROUPS ---

--- AWS CONFIG ---
--------------------------------
|DescribeConfigurationRecorders|
+------------------------------+

--- CONFIG DELIVERY CHANNELS ---
--------------------------
|DescribeDeliveryChannels|
+------------------------+

--- KMS KEYS ---
----------
|ListKeys|
+--------+

############################################################
 REGION: eu-west-1
############################################################

--- EC2 INSTANCES ---

--- EBS VOLUMES ---

--- EBS SNAPSHOTS ---

--- AMIs ---

--- VPCs ---
-------------------------------------------------------
|                    DescribeVpcs                     |
+----------------+----------+-------------------------+
|      Cidr      | Default  |          VpcId          |
+----------------+----------+-------------------------+
|  172.31.0.0/16 |  True    |  vpc-0c58b99ad7912ef06  |
+----------------+----------+-------------------------+

--- SUBNETS ---
-------------------------------------------------------------------------
|                            DescribeSubnets                            |
+----------------+----------------------------+-------------------------+
|      Cidr      |         SubnetId           |          VpcId          |
+----------------+----------------------------+-------------------------+
|  172.31.32.0/20|  subnet-059c881e7a773ca21  |  vpc-0c58b99ad7912ef06  |
|  172.31.16.0/20|  subnet-0807a3463577d08d8  |  vpc-0c58b99ad7912ef06  |
|  172.31.0.0/20 |  subnet-00db21c3d38e59692  |  vpc-0c58b99ad7912ef06  |
+----------------+----------------------------+-------------------------+

--- INTERNET GATEWAYS ---
-----------------------------------------------------------------
|                   DescribeInternetGateways                    |
+------------------------+------------+-------------------------+
|           IGW          |   State    |           Vpc           |
+------------------------+------------+-------------------------+
|  igw-042546b4b5c943cb8 |  available |  vpc-0c58b99ad7912ef06  |
+------------------------+------------+-------------------------+

--- NAT GATEWAYS ---

--- ELASTIC IPs ---

--- VPC ENDPOINTS ---

--- ROUTE TABLES ---
----------------------------------------------------
|                DescribeRouteTables               |
+------------------------+-------------------------+
|      RouteTableId      |          VpcId          |
+------------------------+-------------------------+
|  rtb-0b0c791a2001ab160 |  vpc-0c58b99ad7912ef06  |
+------------------------+-------------------------+

--- NETWORK INTERFACES ---

--- TRANSIT GATEWAYS ---

--- TRANSIT GATEWAY ATTACHMENTS ---

--- VPN CONNECTIONS ---

--- CUSTOMER GATEWAYS ---

--- LOAD BALANCERS ---

--- EKS CLUSTERS ---
--------------
|ListClusters|
+------------+

--- RDS INSTANCES ---

--- RDS CLUSTERS ---

--- ELASTICACHE ---

--- OPENSEARCH ---

--- ECS CLUSTERS ---
--------------
|ListClusters|
+------------+

--- LAMBDA FUNCTIONS ---

--- API GATEWAYS ---

--- SQS QUEUES ---

--- SNS TOPICS ---

--- MQ BROKERS ---

--- EFS ---

--- FSx ---

--- SECRETS MANAGER ---

--- SSM PARAMETERS ---

--- CLOUDWATCH LOG GROUPS ---

--- AWS CONFIG ---
--------------------------------
|DescribeConfigurationRecorders|
+------------------------------+

--- CONFIG DELIVERY CHANNELS ---
--------------------------
|DescribeDeliveryChannels|
+------------------------+

--- KMS KEYS ---
----------
|ListKeys|
+--------+

############################################################
 REGION: ap-northeast-3
############################################################

--- EC2 INSTANCES ---

--- EBS VOLUMES ---

--- EBS SNAPSHOTS ---

--- AMIs ---

--- VPCs ---
-------------------------------------------------------
|                    DescribeVpcs                     |
+----------------+----------+-------------------------+
|      Cidr      | Default  |          VpcId          |
+----------------+----------+-------------------------+
|  172.31.0.0/16 |  True    |  vpc-0c9c6607af8e58687  |
+----------------+----------+-------------------------+

--- SUBNETS ---
-------------------------------------------------------------------------
|                            DescribeSubnets                            |
+----------------+----------------------------+-------------------------+
|      Cidr      |         SubnetId           |          VpcId          |
+----------------+----------------------------+-------------------------+
|  172.31.32.0/20|  subnet-0c2bba98e4a9a0764  |  vpc-0c9c6607af8e58687  |
|  172.31.16.0/20|  subnet-0d90f93902fc9a077  |  vpc-0c9c6607af8e58687  |
|  172.31.0.0/20 |  subnet-032aa7330b4d49225  |  vpc-0c9c6607af8e58687  |
+----------------+----------------------------+-------------------------+

--- INTERNET GATEWAYS ---
-----------------------------------------------------------------
|                   DescribeInternetGateways                    |
+------------------------+------------+-------------------------+
|           IGW          |   State    |           Vpc           |
+------------------------+------------+-------------------------+
|  igw-01a8bf4b66d936244 |  available |  vpc-0c9c6607af8e58687  |
+------------------------+------------+-------------------------+

--- NAT GATEWAYS ---

--- ELASTIC IPs ---

--- VPC ENDPOINTS ---

--- ROUTE TABLES ---
----------------------------------------------------
|                DescribeRouteTables               |
+------------------------+-------------------------+
|      RouteTableId      |          VpcId          |
+------------------------+-------------------------+
|  rtb-0628be6a40625f021 |  vpc-0c9c6607af8e58687  |
+------------------------+-------------------------+

--- NETWORK INTERFACES ---

--- TRANSIT GATEWAYS ---

--- TRANSIT GATEWAY ATTACHMENTS ---

--- VPN CONNECTIONS ---

--- CUSTOMER GATEWAYS ---

--- LOAD BALANCERS ---

--- EKS CLUSTERS ---
--------------
|ListClusters|
+------------+

--- RDS INSTANCES ---

--- RDS CLUSTERS ---

--- ELASTICACHE ---

--- OPENSEARCH ---

--- ECS CLUSTERS ---
--------------
|ListClusters|
+------------+

--- LAMBDA FUNCTIONS ---

--- API GATEWAYS ---

--- SQS QUEUES ---

--- SNS TOPICS ---

--- MQ BROKERS ---

--- EFS ---

--- FSx ---

--- SECRETS MANAGER ---

--- SSM PARAMETERS ---

--- CLOUDWATCH LOG GROUPS ---

--- AWS CONFIG ---
--------------------------------
|DescribeConfigurationRecorders|
+------------------------------+

--- CONFIG DELIVERY CHANNELS ---
--------------------------
|DescribeDeliveryChannels|
+------------------------+

--- KMS KEYS ---
----------
|ListKeys|
+--------+

############################################################
 REGION: ap-northeast-2
############################################################

--- EC2 INSTANCES ---

--- EBS VOLUMES ---

--- EBS SNAPSHOTS ---

--- AMIs ---

--- VPCs ---
-------------------------------------------------------
|                    DescribeVpcs                     |
+----------------+----------+-------------------------+
|      Cidr      | Default  |          VpcId          |
+----------------+----------+-------------------------+
|  172.31.0.0/16 |  True    |  vpc-0b633bffa7f6086f3  |
+----------------+----------+-------------------------+

--- SUBNETS ---
-------------------------------------------------------------------------
|                            DescribeSubnets                            |
+----------------+----------------------------+-------------------------+
|      Cidr      |         SubnetId           |          VpcId          |
+----------------+----------------------------+-------------------------+
|  172.31.16.0/20|  subnet-08b7d959140d53824  |  vpc-0b633bffa7f6086f3  |
|  172.31.0.0/20 |  subnet-08a80a6ac70dc304c  |  vpc-0b633bffa7f6086f3  |
|  172.31.32.0/20|  subnet-0c86476dd6979597b  |  vpc-0b633bffa7f6086f3  |
|  172.31.48.0/20|  subnet-05f99fe1cb92cc7ca  |  vpc-0b633bffa7f6086f3  |
+----------------+----------------------------+-------------------------+

--- INTERNET GATEWAYS ---
-----------------------------------------------------------------
|                   DescribeInternetGateways                    |
+------------------------+------------+-------------------------+
|           IGW          |   State    |           Vpc           |
+------------------------+------------+-------------------------+
|  igw-05cbe9f611f3a737b |  available |  vpc-0b633bffa7f6086f3  |
+------------------------+------------+-------------------------+

--- NAT GATEWAYS ---

--- ELASTIC IPs ---

--- VPC ENDPOINTS ---

--- ROUTE TABLES ---
----------------------------------------------------
|                DescribeRouteTables               |
+------------------------+-------------------------+
|      RouteTableId      |          VpcId          |
+------------------------+-------------------------+
|  rtb-010b96e60188a6b35 |  vpc-0b633bffa7f6086f3  |
+------------------------+-------------------------+

--- NETWORK INTERFACES ---

--- TRANSIT GATEWAYS ---

--- TRANSIT GATEWAY ATTACHMENTS ---

--- VPN CONNECTIONS ---

--- CUSTOMER GATEWAYS ---

--- LOAD BALANCERS ---

--- EKS CLUSTERS ---
--------------
|ListClusters|
+------------+

--- RDS INSTANCES ---

--- RDS CLUSTERS ---

--- ELASTICACHE ---

--- OPENSEARCH ---

--- ECS CLUSTERS ---
--------------
|ListClusters|
+------------+

--- LAMBDA FUNCTIONS ---

--- API GATEWAYS ---

--- SQS QUEUES ---

--- SNS TOPICS ---

--- MQ BROKERS ---

--- EFS ---

--- FSx ---

--- SECRETS MANAGER ---

--- SSM PARAMETERS ---

--- CLOUDWATCH LOG GROUPS ---

--- AWS CONFIG ---
--------------------------------
|DescribeConfigurationRecorders|
+------------------------------+

--- CONFIG DELIVERY CHANNELS ---
--------------------------
|DescribeDeliveryChannels|
+------------------------+

--- KMS KEYS ---
----------
|ListKeys|
+--------+

############################################################
 REGION: ap-northeast-1
############################################################

--- EC2 INSTANCES ---

--- EBS VOLUMES ---

--- EBS SNAPSHOTS ---

--- AMIs ---

--- VPCs ---
-------------------------------------------------------
|                    DescribeVpcs                     |
+----------------+----------+-------------------------+
|      Cidr      | Default  |          VpcId          |
+----------------+----------+-------------------------+
|  172.31.0.0/16 |  True    |  vpc-0cf4834f08cee5ab4  |
+----------------+----------+-------------------------+

--- SUBNETS ---
-------------------------------------------------------------------------
|                            DescribeSubnets                            |
+----------------+----------------------------+-------------------------+
|      Cidr      |         SubnetId           |          VpcId          |
+----------------+----------------------------+-------------------------+
|  172.31.16.0/20|  subnet-08ba2b1911f223cf0  |  vpc-0cf4834f08cee5ab4  |
|  172.31.0.0/20 |  subnet-04dc4abb4150e2d60  |  vpc-0cf4834f08cee5ab4  |
|  172.31.32.0/20|  subnet-0b0264504a77d1308  |  vpc-0cf4834f08cee5ab4  |
+----------------+----------------------------+-------------------------+

--- INTERNET GATEWAYS ---
-----------------------------------------------------------------
|                   DescribeInternetGateways                    |
+------------------------+------------+-------------------------+
|           IGW          |   State    |           Vpc           |
+------------------------+------------+-------------------------+
|  igw-01f2397a26851b5fa |  available |  vpc-0cf4834f08cee5ab4  |
+------------------------+------------+-------------------------+

--- NAT GATEWAYS ---

--- ELASTIC IPs ---

--- VPC ENDPOINTS ---

--- ROUTE TABLES ---
----------------------------------------------------
|                DescribeRouteTables               |
+------------------------+-------------------------+
|      RouteTableId      |          VpcId          |
+------------------------+-------------------------+
|  rtb-03cd7201ccf314545 |  vpc-0cf4834f08cee5ab4  |
+------------------------+-------------------------+

--- NETWORK INTERFACES ---

--- TRANSIT GATEWAYS ---

--- TRANSIT GATEWAY ATTACHMENTS ---

--- VPN CONNECTIONS ---

--- CUSTOMER GATEWAYS ---

--- LOAD BALANCERS ---

--- EKS CLUSTERS ---
--------------
|ListClusters|
+------------+

--- RDS INSTANCES ---

--- RDS CLUSTERS ---

--- ELASTICACHE ---

--- OPENSEARCH ---

--- ECS CLUSTERS ---
--------------
|ListClusters|
+------------+

--- LAMBDA FUNCTIONS ---

--- API GATEWAYS ---

--- SQS QUEUES ---

--- SNS TOPICS ---

--- MQ BROKERS ---

--- EFS ---

--- FSx ---

--- SECRETS MANAGER ---

--- SSM PARAMETERS ---

--- CLOUDWATCH LOG GROUPS ---

--- AWS CONFIG ---
--------------------------------
|DescribeConfigurationRecorders|
+------------------------------+

--- CONFIG DELIVERY CHANNELS ---
--------------------------
|DescribeDeliveryChannels|
+------------------------+

--- KMS KEYS ---
----------
|ListKeys|
+--------+

############################################################
 REGION: sa-east-1
############################################################

--- EC2 INSTANCES ---

--- EBS VOLUMES ---

--- EBS SNAPSHOTS ---

--- AMIs ---

--- VPCs ---
-------------------------------------------------------
|                    DescribeVpcs                     |
+----------------+----------+-------------------------+
|      Cidr      | Default  |          VpcId          |
+----------------+----------+-------------------------+
|  172.31.0.0/16 |  True    |  vpc-087d5eed020943619  |
+----------------+----------+-------------------------+

--- SUBNETS ---
-------------------------------------------------------------------------
|                            DescribeSubnets                            |
+----------------+----------------------------+-------------------------+
|      Cidr      |         SubnetId           |          VpcId          |
+----------------+----------------------------+-------------------------+
|  172.31.32.0/20|  subnet-00b2f97ad0923f67e  |  vpc-087d5eed020943619  |
|  172.31.0.0/20 |  subnet-0bf02f31cf396db76  |  vpc-087d5eed020943619  |
|  172.31.16.0/20|  subnet-07769fb511ff10d77  |  vpc-087d5eed020943619  |
+----------------+----------------------------+-------------------------+

--- INTERNET GATEWAYS ---
-----------------------------------------------------------------
|                   DescribeInternetGateways                    |
+------------------------+------------+-------------------------+
|           IGW          |   State    |           Vpc           |
+------------------------+------------+-------------------------+
|  igw-0c0c4af17b08c1129 |  available |  vpc-087d5eed020943619  |
+------------------------+------------+-------------------------+

--- NAT GATEWAYS ---

--- ELASTIC IPs ---

--- VPC ENDPOINTS ---

--- ROUTE TABLES ---
----------------------------------------------------
|                DescribeRouteTables               |
+------------------------+-------------------------+
|      RouteTableId      |          VpcId          |
+------------------------+-------------------------+
|  rtb-07b05c46bd7cee51c |  vpc-087d5eed020943619  |
+------------------------+-------------------------+

--- NETWORK INTERFACES ---

--- TRANSIT GATEWAYS ---

--- TRANSIT GATEWAY ATTACHMENTS ---

--- VPN CONNECTIONS ---

--- CUSTOMER GATEWAYS ---

--- LOAD BALANCERS ---

--- EKS CLUSTERS ---
--------------
|ListClusters|
+------------+

--- RDS INSTANCES ---

--- RDS CLUSTERS ---

--- ELASTICACHE ---

--- OPENSEARCH ---

--- ECS CLUSTERS ---
--------------
|ListClusters|
+------------+

--- LAMBDA FUNCTIONS ---

--- API GATEWAYS ---

--- SQS QUEUES ---

--- SNS TOPICS ---

--- MQ BROKERS ---

--- EFS ---

--- FSx ---

--- SECRETS MANAGER ---

--- SSM PARAMETERS ---

--- CLOUDWATCH LOG GROUPS ---

--- AWS CONFIG ---
--------------------------------
|DescribeConfigurationRecorders|
+------------------------------+

--- CONFIG DELIVERY CHANNELS ---
--------------------------
|DescribeDeliveryChannels|
+------------------------+

--- KMS KEYS ---
----------
|ListKeys|
+--------+

############################################################
 REGION: ap-southeast-1
############################################################

--- EC2 INSTANCES ---

--- EBS VOLUMES ---

--- EBS SNAPSHOTS ---

--- AMIs ---

--- VPCs ---

--- SUBNETS ---

--- INTERNET GATEWAYS ---

--- NAT GATEWAYS ---

--- ELASTIC IPs ---

--- VPC ENDPOINTS ---

--- ROUTE TABLES ---

--- NETWORK INTERFACES ---

--- TRANSIT GATEWAYS ---

--- TRANSIT GATEWAY ATTACHMENTS ---

--- VPN CONNECTIONS ---

--- CUSTOMER GATEWAYS ---

--- LOAD BALANCERS ---

--- EKS CLUSTERS ---
--------------
|ListClusters|
+------------+

--- RDS INSTANCES ---

--- RDS CLUSTERS ---

--- ELASTICACHE ---

--- OPENSEARCH ---

--- ECS CLUSTERS ---
--------------
|ListClusters|
+------------+

--- LAMBDA FUNCTIONS ---

--- API GATEWAYS ---

--- SQS QUEUES ---

--- SNS TOPICS ---

--- MQ BROKERS ---

--- EFS ---

--- FSx ---

--- SECRETS MANAGER ---

--- SSM PARAMETERS ---

--- CLOUDWATCH LOG GROUPS ---

--- AWS CONFIG ---
--------------------------------
|DescribeConfigurationRecorders|
+------------------------------+

--- CONFIG DELIVERY CHANNELS ---
--------------------------
|DescribeDeliveryChannels|
+------------------------+

--- KMS KEYS ---
----------
|ListKeys|
+--------+

############################################################
 REGION: ap-southeast-2
############################################################

--- EC2 INSTANCES ---

--- EBS VOLUMES ---

--- EBS SNAPSHOTS ---

--- AMIs ---

--- VPCs ---
-------------------------------------------------------
|                    DescribeVpcs                     |
+----------------+----------+-------------------------+
|      Cidr      | Default  |          VpcId          |
+----------------+----------+-------------------------+
|  172.31.0.0/16 |  True    |  vpc-094abf931a40ef390  |
+----------------+----------+-------------------------+

--- SUBNETS ---
-------------------------------------------------------------------------
|                            DescribeSubnets                            |
+----------------+----------------------------+-------------------------+
|      Cidr      |         SubnetId           |          VpcId          |
+----------------+----------------------------+-------------------------+
|  172.31.0.0/20 |  subnet-07bc4c297ed75d822  |  vpc-094abf931a40ef390  |
|  172.31.32.0/20|  subnet-0884ec957b25dda2a  |  vpc-094abf931a40ef390  |
|  172.31.16.0/20|  subnet-011bc7e00f74ad632  |  vpc-094abf931a40ef390  |
+----------------+----------------------------+-------------------------+

--- INTERNET GATEWAYS ---
-----------------------------------------------------------------
|                   DescribeInternetGateways                    |
+------------------------+------------+-------------------------+
|           IGW          |   State    |           Vpc           |
+------------------------+------------+-------------------------+
|  igw-00d03518fce7cc07e |  available |  vpc-094abf931a40ef390  |
+------------------------+------------+-------------------------+

--- NAT GATEWAYS ---

--- ELASTIC IPs ---

--- VPC ENDPOINTS ---

--- ROUTE TABLES ---
----------------------------------------------------
|                DescribeRouteTables               |
+------------------------+-------------------------+
|      RouteTableId      |          VpcId          |
+------------------------+-------------------------+
|  rtb-038b903eadc03c14b |  vpc-094abf931a40ef390  |
+------------------------+-------------------------+

--- NETWORK INTERFACES ---

--- TRANSIT GATEWAYS ---

--- TRANSIT GATEWAY ATTACHMENTS ---

--- VPN CONNECTIONS ---

--- CUSTOMER GATEWAYS ---

--- LOAD BALANCERS ---

--- EKS CLUSTERS ---
--------------
|ListClusters|
+------------+

--- RDS INSTANCES ---

--- RDS CLUSTERS ---

--- ELASTICACHE ---

--- OPENSEARCH ---

--- ECS CLUSTERS ---
--------------
|ListClusters|
+------------+

--- LAMBDA FUNCTIONS ---

--- API GATEWAYS ---

--- SQS QUEUES ---

--- SNS TOPICS ---

--- MQ BROKERS ---

--- EFS ---

--- FSx ---

--- SECRETS MANAGER ---

--- SSM PARAMETERS ---

--- CLOUDWATCH LOG GROUPS ---

--- AWS CONFIG ---
--------------------------------
|DescribeConfigurationRecorders|
+------------------------------+

--- CONFIG DELIVERY CHANNELS ---
--------------------------
|DescribeDeliveryChannels|
+------------------------+

--- KMS KEYS ---
----------
|ListKeys|
+--------+

############################################################
 REGION: us-east-1
############################################################

--- EC2 INSTANCES ---

--- EBS VOLUMES ---

--- EBS SNAPSHOTS ---

--- AMIs ---

--- VPCs ---
-------------------------------------------------------
|                    DescribeVpcs                     |
+----------------+----------+-------------------------+
|      Cidr      | Default  |          VpcId          |
+----------------+----------+-------------------------+
|  172.31.0.0/16 |  True    |  vpc-02da8402f60ac9b55  |
+----------------+----------+-------------------------+

--- SUBNETS ---
-------------------------------------------------------------------------
|                            DescribeSubnets                            |
+----------------+----------------------------+-------------------------+
|      Cidr      |         SubnetId           |          VpcId          |
+----------------+----------------------------+-------------------------+
|  172.31.32.0/20|  subnet-062da4c0fea643f3d  |  vpc-02da8402f60ac9b55  |
|  172.31.16.0/20|  subnet-08206dd0924409255  |  vpc-02da8402f60ac9b55  |
|  172.31.64.0/20|  subnet-0154f5c4cd594ff3e  |  vpc-02da8402f60ac9b55  |
|  172.31.80.0/20|  subnet-09e1f343480702e70  |  vpc-02da8402f60ac9b55  |
|  172.31.48.0/20|  subnet-00e69d3414b97e1fc  |  vpc-02da8402f60ac9b55  |
|  172.31.0.0/20 |  subnet-0346be1a95d66ecb5  |  vpc-02da8402f60ac9b55  |
+----------------+----------------------------+-------------------------+

--- INTERNET GATEWAYS ---

--- NAT GATEWAYS ---

--- ELASTIC IPs ---

--- VPC ENDPOINTS ---

--- ROUTE TABLES ---
----------------------------------------------------
|                DescribeRouteTables               |
+------------------------+-------------------------+
|      RouteTableId      |          VpcId          |
+------------------------+-------------------------+
|  rtb-02fcc850b63ff314b |  vpc-02da8402f60ac9b55  |
+------------------------+-------------------------+

--- NETWORK INTERFACES ---

--- TRANSIT GATEWAYS ---

--- TRANSIT GATEWAY ATTACHMENTS ---

--- VPN CONNECTIONS ---

--- CUSTOMER GATEWAYS ---

--- LOAD BALANCERS ---

--- EKS CLUSTERS ---
--------------
|ListClusters|
+------------+

--- RDS INSTANCES ---

--- RDS CLUSTERS ---

--- ELASTICACHE ---

--- OPENSEARCH ---

--- ECS CLUSTERS ---
--------------
|ListClusters|
+------------+

--- LAMBDA FUNCTIONS ---

--- API GATEWAYS ---

--- SQS QUEUES ---

--- SNS TOPICS ---

--- MQ BROKERS ---

--- EFS ---

--- FSx ---

--- SECRETS MANAGER ---
------------------------------------------------------------------------------------------------------------------------------------------------------------------------
|                                                                              ListSecrets                                                                             |
+----------------------------------------------------------------------------------------------------------------+-----------------------------------------------------+
|                                                       ARN                                                      |                        Name                         |
+----------------------------------------------------------------------------------------------------------------+-----------------------------------------------------+
|  arn:aws:secretsmanager:us-east-1:211811255273:secret:sqlworkbench!746c8fc8-e4d2-4a1b-b74c-fac8598b6b7e-UaA9Av |  sqlworkbench!746c8fc8-e4d2-4a1b-b74c-fac8598b6b7e  |
|  arn:aws:secretsmanager:us-east-1:211811255273:secret:sqlworkbench!bbec2fb7-b5c4-457e-9ac0-bb5d9c5291ea-cQxHlu |  sqlworkbench!bbec2fb7-b5c4-457e-9ac0-bb5d9c5291ea  |
+----------------------------------------------------------------------------------------------------------------+-----------------------------------------------------+

--- SSM PARAMETERS ---

--- CLOUDWATCH LOG GROUPS ---
------------------------------------------------------------
|                     DescribeLogGroups                    |
+------------------------------------------+---------------+
|                   Name                   |  StoredBytes  |
+------------------------------------------+---------------+
|  aws-controltower/CloudTrailLogs-s0d-5g5 |  39168382     |
+------------------------------------------+---------------+

--- AWS CONFIG ---
--------------------------------
|DescribeConfigurationRecorders|
+------------------------------+

--- CONFIG DELIVERY CHANNELS ---
--------------------------
|DescribeDeliveryChannels|
+------------------------+

--- KMS KEYS ---
---------------------------------------------------------------------------------------------------------------------------
|                                                        ListKeys                                                         |
+-------------------------------------------------------------------------------------------------------------------------+
||                                                         Keys                                                          ||
|+------------------------------------------------------------------------------+----------------------------------------+|
||                                    KeyArn                                    |                 KeyId                  ||
|+------------------------------------------------------------------------------+----------------------------------------+|
||  arn:aws:kms:us-east-1:211811255273:key/2c25c63b-234e-400c-b2d5-98caff80acda |  2c25c63b-234e-400c-b2d5-98caff80acda  ||
||  arn:aws:kms:us-east-1:211811255273:key/498455d3-6612-4500-8186-47d8e325b0d4 |  498455d3-6612-4500-8186-47d8e325b0d4  ||
||  arn:aws:kms:us-east-1:211811255273:key/725401c8-4d0e-4504-bcc2-f423728beedf |  725401c8-4d0e-4504-bcc2-f423728beedf  ||
||  arn:aws:kms:us-east-1:211811255273:key/bcad7f85-f9b4-473d-a5ee-4fe278549085 |  bcad7f85-f9b4-473d-a5ee-4fe278549085  ||
||  arn:aws:kms:us-east-1:211811255273:key/c4181b18-9724-4c8c-9810-ff8d6233ae79 |  c4181b18-9724-4c8c-9810-ff8d6233ae79  ||
||  arn:aws:kms:us-east-1:211811255273:key/ccd6d793-cefb-44ed-9dc0-9571b6745bf1 |  ccd6d793-cefb-44ed-9dc0-9571b6745bf1  ||
||  arn:aws:kms:us-east-1:211811255273:key/mrk-61f9ac6fe7a947a3a7f68be50d1291ae |  mrk-61f9ac6fe7a947a3a7f68be50d1291ae  ||
|+------------------------------------------------------------------------------+----------------------------------------+|

############################################################
 REGION: us-east-2
############################################################

--- EC2 INSTANCES ---

--- EBS VOLUMES ---

--- EBS SNAPSHOTS ---

--- AMIs ---

--- VPCs ---
-------------------------------------------------------
|                    DescribeVpcs                     |
+----------------+----------+-------------------------+
|      Cidr      | Default  |          VpcId          |
+----------------+----------+-------------------------+
|  172.31.0.0/16 |  True    |  vpc-093ad18745aac11fc  |
+----------------+----------+-------------------------+

--- SUBNETS ---
-------------------------------------------------------------------------
|                            DescribeSubnets                            |
+----------------+----------------------------+-------------------------+
|      Cidr      |         SubnetId           |          VpcId          |
+----------------+----------------------------+-------------------------+
|  172.31.16.0/20|  subnet-0ee16fc7989c7e8bf  |  vpc-093ad18745aac11fc  |
|  172.31.0.0/20 |  subnet-0e544b6bee9e13c60  |  vpc-093ad18745aac11fc  |
|  172.31.32.0/20|  subnet-0827eecdbc23a1b31  |  vpc-093ad18745aac11fc  |
+----------------+----------------------------+-------------------------+

--- INTERNET GATEWAYS ---
-----------------------------------------------------------------
|                   DescribeInternetGateways                    |
+------------------------+------------+-------------------------+
|           IGW          |   State    |           Vpc           |
+------------------------+------------+-------------------------+
|  igw-0675ea86d42bb2b94 |  available |  vpc-093ad18745aac11fc  |
+------------------------+------------+-------------------------+

--- NAT GATEWAYS ---

--- ELASTIC IPs ---

--- VPC ENDPOINTS ---

--- ROUTE TABLES ---
----------------------------------------------------
|                DescribeRouteTables               |
+------------------------+-------------------------+
|      RouteTableId      |          VpcId          |
+------------------------+-------------------------+
|  rtb-093efdf61827eca96 |  vpc-093ad18745aac11fc  |
+------------------------+-------------------------+

--- NETWORK INTERFACES ---

--- TRANSIT GATEWAYS ---

--- TRANSIT GATEWAY ATTACHMENTS ---

--- VPN CONNECTIONS ---

--- CUSTOMER GATEWAYS ---

--- LOAD BALANCERS ---

--- EKS CLUSTERS ---
--------------
|ListClusters|
+------------+

--- RDS INSTANCES ---

--- RDS CLUSTERS ---

--- ELASTICACHE ---

--- OPENSEARCH ---

--- ECS CLUSTERS ---
--------------
|ListClusters|
+------------+

--- LAMBDA FUNCTIONS ---

--- API GATEWAYS ---

--- SQS QUEUES ---

--- SNS TOPICS ---

--- MQ BROKERS ---

--- EFS ---

--- FSx ---

--- SECRETS MANAGER ---

--- SSM PARAMETERS ---

--- CLOUDWATCH LOG GROUPS ---

--- AWS CONFIG ---
--------------------------------
|DescribeConfigurationRecorders|
+------------------------------+

--- CONFIG DELIVERY CHANNELS ---
--------------------------
|DescribeDeliveryChannels|
+------------------------+

--- KMS KEYS ---
----------
|ListKeys|
+--------+

============================================================
 3. GLOBAL SERVICES
============================================================

--- S3 BUCKETS ---

--- CLOUDFRONT DISTRIBUTIONS ---

--- ROUTE53 HOSTED ZONES ---

--- ROUTE53 TRAFFIC POLICIES ---

--- IAM CONTROL TOWER ROLES ---
---------------------------------------------------------
|                       ListRoles                       |
+-------------------------------------------------------+
|  AWSControlTowerAdmin                                 |
|  AWSControlTowerCloudTrailRole                        |
|  AWSControlTowerConfigAggregatorRoleForOrganizations  |
|  AWSControlTowerStackSetRole                          |
+-------------------------------------------------------+

--- IAM POLICIES WITH CONTROL TOWER NAME ---
------------------------------------------------------------------------------------------------------------------------------
|                                                        ListPolicies                                                        |
+------------------------------------------------------------------------------------+---------------------------------------+
|                                         ARN                                        |                 Name                  |
+------------------------------------------------------------------------------------+---------------------------------------+
|  arn:aws:iam::211811255273:policy/service-role/AWSControlTowerAdminPolicy          |  AWSControlTowerAdminPolicy           |
|  arn:aws:iam::211811255273:policy/service-role/AWSControlTowerStackSetRolePolicy   |  AWSControlTowerStackSetRolePolicy    |
|  arn:aws:iam::211811255273:policy/service-role/AWSControlTowerCloudTrailRolePolicy |  AWSControlTowerCloudTrailRolePolicy  |
+------------------------------------------------------------------------------------+---------------------------------------+

--- CLOUDTRAIL ---

--- CLOUDTRAIL TRAIL STATUS ---

--- BACKUP VAULTS ---

--- NETWORK MANAGER / CLOUD WAN ---

--- IAM IDENTITY CENTER ---

--- ORGANIZATION ---
---------------------------------------------------
|              DescribeOrganization               |
+------------+----------------+-------------------+
| FeatureSet |      Id        |  MasterAccountId  |
+------------+----------------+-------------------+
|  ALL       |  o-tiz1ddrmwn  |  211811255273     |
+------------+----------------+-------------------+

--- ORGANIZATION ACCOUNTS ---
-------------------------------------------------
|                 ListAccounts                  |
+--------------+------------------+-------------+
|      Id      |      Name        |   Status    |
+--------------+------------------+-------------+
|  070977799818|  SharedServices  |  SUSPENDED  |
|  360734036001|  Network         |  SUSPENDED  |
|  325909447008|  NonProduction   |  SUSPENDED  |
|  025775692925|  Production      |  SUSPENDED  |
|  038269111064|  LogArchive      |  SUSPENDED  |
|  211811255273|  arpit chouksey  |  ACTIVE     |
|  152500409784|  Security        |  SUSPENDED  |
+--------------+------------------+-------------+

============================================================
 AUDIT COMPLETED
============================================================
Review any NON-EMPTY sections above.
Default VPCs, default route tables, default security groups,
AWS-managed KMS keys, and AWS service-created log groups
do not automatically mean billable customer resources.
============================================================
