2026-06-10 17:41:42.834117 | CREATE | SRE-AUTO-Node-Dashboard | UID=073af87f-3c38-497c-b8b2-95ce17c3bbe1
2026-06-10 17:43:59.009325 | DELETE | SRE-AUTO-Node-Dashboard | UID=073af87f-3c38-497c-b8b2-95ce17c3bbe1
2026-06-10 17:48:57.914504 | CREATE | SRE-AUTO-Node-Dashboard | UID=67754b60-df4f-401e-9d18-5bc8f236d8a8
2026-06-10 17:50:33.442865 | CREATE | SRE-AUTO-Postgres | UID=67f72c1d-94ed-4467-9f3b-c08f036b4182
2026-06-10 17:50:36.507250 | CREATE | SRE-AUTO-Spring-Service | UID=2d422aff-4f15-409e-ba52-abeb462ba0a6
2026-06-10 17:50:38.153668 | CREATE | SRE-AUTO-Spring-Service | UID=72ffc646-5fbb-4903-aa8e-3cdc562ef89c
2026-06-10 17:50:39.777973 | CREATE | SRE-AUTO-Spring-Service | UID=90e80682-e5eb-4664-8845-1f8f8b064411
2026-06-10 17:53:45.726769+00:00 | CREATE | SRE-AUTO-SRE-DEV-SPRING | UID=8fd2a2f5-1e35-4c93-9e78-c8d9e6fa902c
2026-06-10 17:54:05.426610+00:00 | UPDATE | SRE-AUTO-SRE-DEV-SPRING | UID=8fd2a2f5-1e35-4c93-9e78-c8d9e6fa902c
2026-06-10 17:59:00.088521+00:00 | CREATE | SRE-AUTO-SRE-DEV-NODE | UID=ebe1e422-1d8d-4fcb-8840-e10adf6d1037
2026-06-10 17:59:09.416966+00:00 | UPDATE | SRE-AUTO-SRE-DEV-SPRING | UID=8fd2a2f5-1e35-4c93-9e78-c8d9e6fa902c
2026-06-10 17:59:26.825035+00:00 | CREATE | SRE-AUTO-SRE-DEV-POSTGRES | UID=9e06ca1a-e63d-4a5a-b8de-e6034a854ea4
2026-06-10 18:01:50.439106+00:00 | CREATE | SRE-AUTO-SRE-DEV-PYTHON | UID=4e11568c-7f75-4373-8724-a92ae3b5a62e
2026-06-10 18:12:30.311330+00:00 | UPDATE | SRE-AUTO-SRE-DEV-SPRING | UID=8fd2a2f5-1e35-4c93-9e78-c8d9e6fa902c
2026-06-10 18:12:36.888092+00:00 | UPDATE | SRE-AUTO-SRE-DEV-PYTHON | UID=4e11568c-7f75-4373-8724-a92ae3b5a62e
2026-06-10 18:12:41.305102+00:00 | UPDATE | SRE-AUTO-SRE-DEV-POSTGRES | UID=9e06ca1a-e63d-4a5a-b8de-e6034a854ea4
2026-06-11 11:19:41.167231+00:00 | CREATE | SRE-AUTO-SRE-DEV-AWS-EC2 | UID=d7ac38dd-445e-4ce5-ad0e-474fb7c2fe8c
2026-06-11 11:58:06.358708+00:00 | UPDATE | SRE-AUTO-SRE-DEV-AWS-EC2 | UID=d7ac38dd-445e-4ce5-ad0e-474fb7c2fe8c
2026-06-11 13:24:41.532057+00:00 | UPDATE | SRE-AUTO-SRE-DEV-AWS-EC2 | UID=d7ac38dd-445e-4ce5-ad0e-474fb7c2fe8c
2026-06-11 16:57:39.606559+00:00 | UPDATE | SRE-AUTO-SRE-DEV-AWS-EC2 | UID=d7ac38dd-445e-4ce5-ad0e-474fb7c2fe8c
2026-06-11 17:04:39.128403+00:00 | UPDATE | SRE-AUTO-SRE-DEV-AWS-EC2 | UID=d7ac38dd-445e-4ce5-ad0e-474fb7c2fe8c
2026-06-11 17:10:07.355549+00:00 | UPDATE | SRE-AUTO-SRE-DEV-AWS-EC2 | UID=d7ac38dd-445e-4ce5-ad0e-474fb7c2fe8c
2026-06-11 17:15:18.172259+00:00 | UPDATE | SRE-AUTO-SRE-DEV-AWS-EC2 | UID=d7ac38dd-445e-4ce5-ad0e-474fb7c2fe8c
2026-06-11 17:28:27.235463+00:00 | UPDATE | SRE-AUTO-SRE-DEV-AWS-EC2 | UID=d7ac38dd-445e-4ce5-ad0e-474fb7c2fe8c
